// Jest Snapshot v1, https://goo.gl/fbAQLP

exports[`Probar la clase de Citas Agregar una nueva cita 1`] = `
Citas {
  "citas": [
    {
      "fecha": "10-12-2020",
      "hora": "10:30",
      "id": 1671048572784,
      "mascota": "Hook",
      "propietario": "Juan",
      "sintomas": "Solo duerme",
      "telefono": "19030913",
    },
  ],
}
`;
