// Jest Snapshot v1, https://goo.gl/fbAQLP

exports[`Test Es Aaron 1`] = `
{
  "balance": 500,
  "nombre": "Aaron",
  "tipo": "Premium",
}
`;
